// Jest Snapshot v1, https://goo.gl/fbAQLP

exports[`MainNav should render 1`] = `
ShallowWrapper {
  Symbol(enzyme.__root__): [Circular],
  Symbol(enzyme.__unrendered__): <MainNav />,
  Symbol(enzyme.__renderer__): Object {
    "batchedUpdates": [Function],
    "getNode": [Function],
    "render": [Function],
    "simulateError": [Function],
    "simulateEvent": [Function],
    "unmount": [Function],
  },
  Symbol(enzyme.__node__): Object {
    "instance": null,
    "key": undefined,
    "nodeType": "class",
    "props": Object {
      "children": <MainNav__NavContainer>
        <h1
          data-align={true}
        >
          <Link
            href="/"
          >
            <a>
              <img
                alt="GitShareCode"
                src="/static/logo.png"
              />
            </a>
          </Link>
        </h1>
        <StyledMenu__MainNavMenu
          mode="horizontal"
        >
          <MenuItem>
            <Link
              href="/contributors"
            >
              <a>
                Contributors
              </a>
            </Link>
          </MenuItem>
          <MenuItem>
            <Link
              href="/features"
            >
              <a>
                Features
              </a>
            </Link>
          </MenuItem>
        </StyledMenu__MainNavMenu>
        <MainNav__RightBox>
          <StyledButton__SmDownloadButton
            icon="chrome"
          >
            Add to Chrome
          </StyledButton__SmDownloadButton>
          <a
            data-align={true}
            href="https://github.com/kosslab-kr/gitCodeShare.com/stargazers"
            target="blank"
          >
            <StyledButton__GithubButton
              data-violet={true}
              icon="github"
            >
              Star
            </StyledButton__GithubButton>
            <StyledBadge__GithubBadge
              count={0}
              data-violet={true}
            />
          </a>
          <a
            data-align={true}
            href="https://github.com/kosslab-kr/gitCodeShare.com/network/members"
            target="blank"
          >
            <StyledButton__GithubButton
              data-magenta={true}
              icon="github"
            >
              Fork
            </StyledButton__GithubButton>
            <StyledBadge__GithubBadge
              count={0}
              data-magenta={true}
            />
          </a>
        </MainNav__RightBox>
      </MainNav__NavContainer>,
      "className": undefined,
    },
    "ref": null,
    "rendered": Object {
      "instance": null,
      "key": undefined,
      "nodeType": "class",
      "props": Object {
        "children": Array [
          <h1
            data-align={true}
          >
            <Link
              href="/"
            >
              <a>
                <img
                  alt="GitShareCode"
                  src="/static/logo.png"
                />
              </a>
            </Link>
          </h1>,
          <StyledMenu__MainNavMenu
            mode="horizontal"
          >
            <MenuItem>
              <Link
                href="/contributors"
              >
                <a>
                  Contributors
                </a>
              </Link>
            </MenuItem>
            <MenuItem>
              <Link
                href="/features"
              >
                <a>
                  Features
                </a>
              </Link>
            </MenuItem>
          </StyledMenu__MainNavMenu>,
          <MainNav__RightBox>
            <StyledButton__SmDownloadButton
              icon="chrome"
            >
              Add to Chrome
            </StyledButton__SmDownloadButton>
            <a
              data-align={true}
              href="https://github.com/kosslab-kr/gitCodeShare.com/stargazers"
              target="blank"
            >
              <StyledButton__GithubButton
                data-violet={true}
                icon="github"
              >
                Star
              </StyledButton__GithubButton>
              <StyledBadge__GithubBadge
                count={0}
                data-violet={true}
              />
            </a>
            <a
              data-align={true}
              href="https://github.com/kosslab-kr/gitCodeShare.com/network/members"
              target="blank"
            >
              <StyledButton__GithubButton
                data-magenta={true}
                icon="github"
              >
                Fork
              </StyledButton__GithubButton>
              <StyledBadge__GithubBadge
                count={0}
                data-magenta={true}
              />
            </a>
          </MainNav__RightBox>,
        ],
      },
      "ref": null,
      "rendered": Array [
        Object {
          "instance": null,
          "key": undefined,
          "nodeType": "host",
          "props": Object {
            "children": <Link
              href="/"
            >
              <a>
                <img
                  alt="GitShareCode"
                  src="/static/logo.png"
                />
              </a>
            </Link>,
            "data-align": true,
          },
          "ref": null,
          "rendered": Object {
            "instance": null,
            "key": undefined,
            "nodeType": "class",
            "props": Object {
              "children": <a>
                <img
                  alt="GitShareCode"
                  src="/static/logo.png"
                />
              </a>,
              "href": "/",
            },
            "ref": null,
            "rendered": Object {
              "instance": null,
              "key": undefined,
              "nodeType": "host",
              "props": Object {
                "children": <img
                  alt="GitShareCode"
                  src="/static/logo.png"
                />,
              },
              "ref": null,
              "rendered": Object {
                "instance": null,
                "key": undefined,
                "nodeType": "host",
                "props": Object {
                  "alt": "GitShareCode",
                  "src": "/static/logo.png",
                },
                "ref": null,
                "rendered": null,
                "type": "img",
              },
              "type": "a",
            },
            "type": [Function],
          },
          "type": "h1",
        },
        Object {
          "instance": null,
          "key": undefined,
          "nodeType": "class",
          "props": Object {
            "children": Array [
              <MenuItem>
                <Link
                  href="/contributors"
                >
                  <a>
                    Contributors
                  </a>
                </Link>
              </MenuItem>,
              <MenuItem>
                <Link
                  href="/features"
                >
                  <a>
                    Features
                  </a>
                </Link>
              </MenuItem>,
            ],
            "mode": "horizontal",
          },
          "ref": null,
          "rendered": Array [
            Object {
              "instance": null,
              "key": undefined,
              "nodeType": "class",
              "props": Object {
                "children": <Link
                  href="/contributors"
                >
                  <a>
                    Contributors
                  </a>
                </Link>,
              },
              "ref": null,
              "rendered": Object {
                "instance": null,
                "key": undefined,
                "nodeType": "class",
                "props": Object {
                  "children": <a>
                    Contributors
                  </a>,
                  "href": "/contributors",
                },
                "ref": null,
                "rendered": Object {
                  "instance": null,
                  "key": undefined,
                  "nodeType": "host",
                  "props": Object {
                    "children": "Contributors",
                  },
                  "ref": null,
                  "rendered": "Contributors",
                  "type": "a",
                },
                "type": [Function],
              },
              "type": [Function],
            },
            Object {
              "instance": null,
              "key": undefined,
              "nodeType": "class",
              "props": Object {
                "children": <Link
                  href="/features"
                >
                  <a>
                    Features
                  </a>
                </Link>,
              },
              "ref": null,
              "rendered": Object {
                "instance": null,
                "key": undefined,
                "nodeType": "class",
                "props": Object {
                  "children": <a>
                    Features
                  </a>,
                  "href": "/features",
                },
                "ref": null,
                "rendered": Object {
                  "instance": null,
                  "key": undefined,
                  "nodeType": "host",
                  "props": Object {
                    "children": "Features",
                  },
                  "ref": null,
                  "rendered": "Features",
                  "type": "a",
                },
                "type": [Function],
              },
              "type": [Function],
            },
          ],
          "type": [Function],
        },
        Object {
          "instance": null,
          "key": undefined,
          "nodeType": "class",
          "props": Object {
            "children": Array [
              <StyledButton__SmDownloadButton
                icon="chrome"
              >
                Add to Chrome
              </StyledButton__SmDownloadButton>,
              <a
                data-align={true}
                href="https://github.com/kosslab-kr/gitCodeShare.com/stargazers"
                target="blank"
              >
                <StyledButton__GithubButton
                  data-violet={true}
                  icon="github"
                >
                  Star
                </StyledButton__GithubButton>
                <StyledBadge__GithubBadge
                  count={0}
                  data-violet={true}
                />
              </a>,
              <a
                data-align={true}
                href="https://github.com/kosslab-kr/gitCodeShare.com/network/members"
                target="blank"
              >
                <StyledButton__GithubButton
                  data-magenta={true}
                  icon="github"
                >
                  Fork
                </StyledButton__GithubButton>
                <StyledBadge__GithubBadge
                  count={0}
                  data-magenta={true}
                />
              </a>,
            ],
          },
          "ref": null,
          "rendered": Array [
            Object {
              "instance": null,
              "key": undefined,
              "nodeType": "class",
              "props": Object {
                "children": "Add to Chrome",
                "icon": "chrome",
              },
              "ref": null,
              "rendered": "Add to Chrome",
              "type": [Function],
            },
            Object {
              "instance": null,
              "key": undefined,
              "nodeType": "host",
              "props": Object {
                "children": Array [
                  <StyledButton__GithubButton
                    data-violet={true}
                    icon="github"
                  >
                    Star
                  </StyledButton__GithubButton>,
                  <StyledBadge__GithubBadge
                    count={0}
                    data-violet={true}
                  />,
                ],
                "data-align": true,
                "href": "https://github.com/kosslab-kr/gitCodeShare.com/stargazers",
                "target": "blank",
              },
              "ref": null,
              "rendered": Array [
                Object {
                  "instance": null,
                  "key": undefined,
                  "nodeType": "class",
                  "props": Object {
                    "children": "Star",
                    "data-violet": true,
                    "icon": "github",
                  },
                  "ref": null,
                  "rendered": "Star",
                  "type": [Function],
                },
                Object {
                  "instance": null,
                  "key": undefined,
                  "nodeType": "class",
                  "props": Object {
                    "count": 0,
                    "data-violet": true,
                  },
                  "ref": null,
                  "rendered": null,
                  "type": [Function],
                },
              ],
              "type": "a",
            },
            Object {
              "instance": null,
              "key": undefined,
              "nodeType": "host",
              "props": Object {
                "children": Array [
                  <StyledButton__GithubButton
                    data-magenta={true}
                    icon="github"
                  >
                    Fork
                  </StyledButton__GithubButton>,
                  <StyledBadge__GithubBadge
                    count={0}
                    data-magenta={true}
                  />,
                ],
                "data-align": true,
                "href": "https://github.com/kosslab-kr/gitCodeShare.com/network/members",
                "target": "blank",
              },
              "ref": null,
              "rendered": Array [
                Object {
                  "instance": null,
                  "key": undefined,
                  "nodeType": "class",
                  "props": Object {
                    "children": "Fork",
                    "data-magenta": true,
                    "icon": "github",
                  },
                  "ref": null,
                  "rendered": "Fork",
                  "type": [Function],
                },
                Object {
                  "instance": null,
                  "key": undefined,
                  "nodeType": "class",
                  "props": Object {
                    "count": 0,
                    "data-magenta": true,
                  },
                  "ref": null,
                  "rendered": null,
                  "type": [Function],
                },
              ],
              "type": "a",
            },
          ],
          "type": [Function],
        },
      ],
      "type": [Function],
    },
    "type": [Function],
  },
  Symbol(enzyme.__nodes__): Array [
    Object {
      "instance": null,
      "key": undefined,
      "nodeType": "class",
      "props": Object {
        "children": <MainNav__NavContainer>
          <h1
            data-align={true}
          >
            <Link
              href="/"
            >
              <a>
                <img
                  alt="GitShareCode"
                  src="/static/logo.png"
                />
              </a>
            </Link>
          </h1>
          <StyledMenu__MainNavMenu
            mode="horizontal"
          >
            <MenuItem>
              <Link
                href="/contributors"
              >
                <a>
                  Contributors
                </a>
              </Link>
            </MenuItem>
            <MenuItem>
              <Link
                href="/features"
              >
                <a>
                  Features
                </a>
              </Link>
            </MenuItem>
          </StyledMenu__MainNavMenu>
          <MainNav__RightBox>
            <StyledButton__SmDownloadButton
              icon="chrome"
            >
              Add to Chrome
            </StyledButton__SmDownloadButton>
            <a
              data-align={true}
              href="https://github.com/kosslab-kr/gitCodeShare.com/stargazers"
              target="blank"
            >
              <StyledButton__GithubButton
                data-violet={true}
                icon="github"
              >
                Star
              </StyledButton__GithubButton>
              <StyledBadge__GithubBadge
                count={0}
                data-violet={true}
              />
            </a>
            <a
              data-align={true}
              href="https://github.com/kosslab-kr/gitCodeShare.com/network/members"
              target="blank"
            >
              <StyledButton__GithubButton
                data-magenta={true}
                icon="github"
              >
                Fork
              </StyledButton__GithubButton>
              <StyledBadge__GithubBadge
                count={0}
                data-magenta={true}
              />
            </a>
          </MainNav__RightBox>
        </MainNav__NavContainer>,
        "className": undefined,
      },
      "ref": null,
      "rendered": Object {
        "instance": null,
        "key": undefined,
        "nodeType": "class",
        "props": Object {
          "children": Array [
            <h1
              data-align={true}
            >
              <Link
                href="/"
              >
                <a>
                  <img
                    alt="GitShareCode"
                    src="/static/logo.png"
                  />
                </a>
              </Link>
            </h1>,
            <StyledMenu__MainNavMenu
              mode="horizontal"
            >
              <MenuItem>
                <Link
                  href="/contributors"
                >
                  <a>
                    Contributors
                  </a>
                </Link>
              </MenuItem>
              <MenuItem>
                <Link
                  href="/features"
                >
                  <a>
                    Features
                  </a>
                </Link>
              </MenuItem>
            </StyledMenu__MainNavMenu>,
            <MainNav__RightBox>
              <StyledButton__SmDownloadButton
                icon="chrome"
              >
                Add to Chrome
              </StyledButton__SmDownloadButton>
              <a
                data-align={true}
                href="https://github.com/kosslab-kr/gitCodeShare.com/stargazers"
                target="blank"
              >
                <StyledButton__GithubButton
                  data-violet={true}
                  icon="github"
                >
                  Star
                </StyledButton__GithubButton>
                <StyledBadge__GithubBadge
                  count={0}
                  data-violet={true}
                />
              </a>
              <a
                data-align={true}
                href="https://github.com/kosslab-kr/gitCodeShare.com/network/members"
                target="blank"
              >
                <StyledButton__GithubButton
                  data-magenta={true}
                  icon="github"
                >
                  Fork
                </StyledButton__GithubButton>
                <StyledBadge__GithubBadge
                  count={0}
                  data-magenta={true}
                />
              </a>
            </MainNav__RightBox>,
          ],
        },
        "ref": null,
        "rendered": Array [
          Object {
            "instance": null,
            "key": undefined,
            "nodeType": "host",
            "props": Object {
              "children": <Link
                href="/"
              >
                <a>
                  <img
                    alt="GitShareCode"
                    src="/static/logo.png"
                  />
                </a>
              </Link>,
              "data-align": true,
            },
            "ref": null,
            "rendered": Object {
              "instance": null,
              "key": undefined,
              "nodeType": "class",
              "props": Object {
                "children": <a>
                  <img
                    alt="GitShareCode"
                    src="/static/logo.png"
                  />
                </a>,
                "href": "/",
              },
              "ref": null,
              "rendered": Object {
                "instance": null,
                "key": undefined,
                "nodeType": "host",
                "props": Object {
                  "children": <img
                    alt="GitShareCode"
                    src="/static/logo.png"
                  />,
                },
                "ref": null,
                "rendered": Object {
                  "instance": null,
                  "key": undefined,
                  "nodeType": "host",
                  "props": Object {
                    "alt": "GitShareCode",
                    "src": "/static/logo.png",
                  },
                  "ref": null,
                  "rendered": null,
                  "type": "img",
                },
                "type": "a",
              },
              "type": [Function],
            },
            "type": "h1",
          },
          Object {
            "instance": null,
            "key": undefined,
            "nodeType": "class",
            "props": Object {
              "children": Array [
                <MenuItem>
                  <Link
                    href="/contributors"
                  >
                    <a>
                      Contributors
                    </a>
                  </Link>
                </MenuItem>,
                <MenuItem>
                  <Link
                    href="/features"
                  >
                    <a>
                      Features
                    </a>
                  </Link>
                </MenuItem>,
              ],
              "mode": "horizontal",
            },
            "ref": null,
            "rendered": Array [
              Object {
                "instance": null,
                "key": undefined,
                "nodeType": "class",
                "props": Object {
                  "children": <Link
                    href="/contributors"
                  >
                    <a>
                      Contributors
                    </a>
                  </Link>,
                },
                "ref": null,
                "rendered": Object {
                  "instance": null,
                  "key": undefined,
                  "nodeType": "class",
                  "props": Object {
                    "children": <a>
                      Contributors
                    </a>,
                    "href": "/contributors",
                  },
                  "ref": null,
                  "rendered": Object {
                    "instance": null,
                    "key": undefined,
                    "nodeType": "host",
                    "props": Object {
                      "children": "Contributors",
                    },
                    "ref": null,
                    "rendered": "Contributors",
                    "type": "a",
                  },
                  "type": [Function],
                },
                "type": [Function],
              },
              Object {
                "instance": null,
                "key": undefined,
                "nodeType": "class",
                "props": Object {
                  "children": <Link
                    href="/features"
                  >
                    <a>
                      Features
                    </a>
                  </Link>,
                },
                "ref": null,
                "rendered": Object {
                  "instance": null,
                  "key": undefined,
                  "nodeType": "class",
                  "props": Object {
                    "children": <a>
                      Features
                    </a>,
                    "href": "/features",
                  },
                  "ref": null,
                  "rendered": Object {
                    "instance": null,
                    "key": undefined,
                    "nodeType": "host",
                    "props": Object {
                      "children": "Features",
                    },
                    "ref": null,
                    "rendered": "Features",
                    "type": "a",
                  },
                  "type": [Function],
                },
                "type": [Function],
              },
            ],
            "type": [Function],
          },
          Object {
            "instance": null,
            "key": undefined,
            "nodeType": "class",
            "props": Object {
              "children": Array [
                <StyledButton__SmDownloadButton
                  icon="chrome"
                >
                  Add to Chrome
                </StyledButton__SmDownloadButton>,
                <a
                  data-align={true}
                  href="https://github.com/kosslab-kr/gitCodeShare.com/stargazers"
                  target="blank"
                >
                  <StyledButton__GithubButton
                    data-violet={true}
                    icon="github"
                  >
                    Star
                  </StyledButton__GithubButton>
                  <StyledBadge__GithubBadge
                    count={0}
                    data-violet={true}
                  />
                </a>,
                <a
                  data-align={true}
                  href="https://github.com/kosslab-kr/gitCodeShare.com/network/members"
                  target="blank"
                >
                  <StyledButton__GithubButton
                    data-magenta={true}
                    icon="github"
                  >
                    Fork
                  </StyledButton__GithubButton>
                  <StyledBadge__GithubBadge
                    count={0}
                    data-magenta={true}
                  />
                </a>,
              ],
            },
            "ref": null,
            "rendered": Array [
              Object {
                "instance": null,
                "key": undefined,
                "nodeType": "class",
                "props": Object {
                  "children": "Add to Chrome",
                  "icon": "chrome",
                },
                "ref": null,
                "rendered": "Add to Chrome",
                "type": [Function],
              },
              Object {
                "instance": null,
                "key": undefined,
                "nodeType": "host",
                "props": Object {
                  "children": Array [
                    <StyledButton__GithubButton
                      data-violet={true}
                      icon="github"
                    >
                      Star
                    </StyledButton__GithubButton>,
                    <StyledBadge__GithubBadge
                      count={0}
                      data-violet={true}
                    />,
                  ],
                  "data-align": true,
                  "href": "https://github.com/kosslab-kr/gitCodeShare.com/stargazers",
                  "target": "blank",
                },
                "ref": null,
                "rendered": Array [
                  Object {
                    "instance": null,
                    "key": undefined,
                    "nodeType": "class",
                    "props": Object {
                      "children": "Star",
                      "data-violet": true,
                      "icon": "github",
                    },
                    "ref": null,
                    "rendered": "Star",
                    "type": [Function],
                  },
                  Object {
                    "instance": null,
                    "key": undefined,
                    "nodeType": "class",
                    "props": Object {
                      "count": 0,
                      "data-violet": true,
                    },
                    "ref": null,
                    "rendered": null,
                    "type": [Function],
                  },
                ],
                "type": "a",
              },
              Object {
                "instance": null,
                "key": undefined,
                "nodeType": "host",
                "props": Object {
                  "children": Array [
                    <StyledButton__GithubButton
                      data-magenta={true}
                      icon="github"
                    >
                      Fork
                    </StyledButton__GithubButton>,
                    <StyledBadge__GithubBadge
                      count={0}
                      data-magenta={true}
                    />,
                  ],
                  "data-align": true,
                  "href": "https://github.com/kosslab-kr/gitCodeShare.com/network/members",
                  "target": "blank",
                },
                "ref": null,
                "rendered": Array [
                  Object {
                    "instance": null,
                    "key": undefined,
                    "nodeType": "class",
                    "props": Object {
                      "children": "Fork",
                      "data-magenta": true,
                      "icon": "github",
                    },
                    "ref": null,
                    "rendered": "Fork",
                    "type": [Function],
                  },
                  Object {
                    "instance": null,
                    "key": undefined,
                    "nodeType": "class",
                    "props": Object {
                      "count": 0,
                      "data-magenta": true,
                    },
                    "ref": null,
                    "rendered": null,
                    "type": [Function],
                  },
                ],
                "type": "a",
              },
            ],
            "type": [Function],
          },
        ],
        "type": [Function],
      },
      "type": [Function],
    },
  ],
  Symbol(enzyme.__options__): Object {
    "adapter": ReactSixteenAdapter {
      "options": Object {
        "enableComponentDidUpdateOnSetState": true,
        "lifecycles": Object {
          "componentDidUpdate": Object {
            "onSetState": true,
          },
          "getDerivedStateFromProps": true,
          "getSnapshotBeforeUpdate": true,
          "setState": Object {
            "skipsComponentDidUpdateOnNullish": true,
          },
        },
      },
    },
    "attachTo": undefined,
    "hydrateIn": undefined,
  },
}
`;
